  Determinando los proyectos que se van a restaurar...
C:\Webs\CSharp\sistemahoteleria\src\HotelSystem.Infrastructure\HotelSystem.Infrastructure.csproj : warning NU1903: El paquete "AutoMapper" 12.0.1 tiene una vulnerabilidad de gravedad alta conocida, https://github.com/advisories/GHSA-rvv3-g6hj-g44x [C:\Webs\CSharp\sistemahoteleria\src\HotelSystem.API\HotelSystem.API.csproj]
C:\Webs\CSharp\sistemahoteleria\src\HotelSystem.Application\HotelSystem.Application.csproj : warning NU1903: El paquete "AutoMapper" 12.0.1 tiene una vulnerabilidad de gravedad alta conocida, https://github.com/advisories/GHSA-rvv3-g6hj-g44x [C:\Webs\CSharp\sistemahoteleria\src\HotelSystem.API\HotelSystem.API.csproj]
C:\Webs\CSharp\sistemahoteleria\src\HotelSystem.API\HotelSystem.API.csproj : warning NU1903: El paquete "AutoMapper" 12.0.1 tiene una vulnerabilidad de gravedad alta conocida, https://github.com/advisories/GHSA-rvv3-g6hj-g44x
C:\Webs\CSharp\sistemahoteleria\src\HotelSystem.API\HotelSystem.API.csproj : warning NU1902: El paquete "MimeKit" 4.14.0 tiene una vulnerabilidad de gravedad moderada conocida, https://github.com/advisories/GHSA-g7hc-96xr-gvvx
C:\Webs\CSharp\sistemahoteleria\src\HotelSystem.Infrastructure\HotelSystem.Infrastructure.csproj : warning NU1902: El paquete "MimeKit" 4.14.0 tiene una vulnerabilidad de gravedad moderada conocida, https://github.com/advisories/GHSA-g7hc-96xr-gvvx [C:\Webs\CSharp\sistemahoteleria\src\HotelSystem.API\HotelSystem.API.csproj]
  Todos los proyectos están actualizados para la restauración.
C:\Webs\CSharp\sistemahoteleria\src\HotelSystem.API\HotelSystem.API.csproj : warning NU1903: El paquete "AutoMapper" 12.0.1 tiene una vulnerabilidad de gravedad alta conocida, https://github.com/advisories/GHSA-rvv3-g6hj-g44x
C:\Webs\CSharp\sistemahoteleria\src\HotelSystem.API\HotelSystem.API.csproj : warning NU1902: El paquete "MimeKit" 4.14.0 tiene una vulnerabilidad de gravedad moderada conocida, https://github.com/advisories/GHSA-g7hc-96xr-gvvx
C:\Webs\CSharp\sistemahoteleria\src\HotelSystem.Application\HotelSystem.Application.csproj : warning NU1903: El paquete "AutoMapper" 12.0.1 tiene una vulnerabilidad de gravedad alta conocida, https://github.com/advisories/GHSA-rvv3-g6hj-g44x
C:\Webs\CSharp\sistemahoteleria\src\HotelSystem.Infrastructure\HotelSystem.Infrastructure.csproj : warning NU1903: El paquete "AutoMapper" 12.0.1 tiene una vulnerabilidad de gravedad alta conocida, https://github.com/advisories/GHSA-rvv3-g6hj-g44x
C:\Webs\CSharp\sistemahoteleria\src\HotelSystem.Infrastructure\HotelSystem.Infrastructure.csproj : warning NU1902: El paquete "MimeKit" 4.14.0 tiene una vulnerabilidad de gravedad moderada conocida, https://github.com/advisories/GHSA-g7hc-96xr-gvvx
  HotelSystem.Domain -> C:\Webs\CSharp\sistemahoteleria\src\HotelSystem.Domain\bin\Debug\net10.0\HotelSystem.Domain.dll
  HotelSystem.Application -> C:\Webs\CSharp\sistemahoteleria\src\HotelSystem.Application\bin\Debug\net10.0\HotelSystem.Application.dll
  HotelSystem.Infrastructure -> C:\Webs\CSharp\sistemahoteleria\src\HotelSystem.Infrastructure\bin\Debug\net10.0\HotelSystem.Infrastructure.dll
  HotelSystem.API -> C:\Webs\CSharp\sistemahoteleria\src\HotelSystem.API\bin\Debug\net10.0\HotelSystem.API.dll

Compilación correcta.

C:\Webs\CSharp\sistemahoteleria\src\HotelSystem.Infrastructure\HotelSystem.Infrastructure.csproj : warning NU1903: El paquete "AutoMapper" 12.0.1 tiene una vulnerabilidad de gravedad alta conocida, https://github.com/advisories/GHSA-rvv3-g6hj-g44x [C:\Webs\CSharp\sistemahoteleria\src\HotelSystem.API\HotelSystem.API.csproj]
C:\Webs\CSharp\sistemahoteleria\src\HotelSystem.Application\HotelSystem.Application.csproj : warning NU1903: El paquete "AutoMapper" 12.0.1 tiene una vulnerabilidad de gravedad alta conocida, https://github.com/advisories/GHSA-rvv3-g6hj-g44x [C:\Webs\CSharp\sistemahoteleria\src\HotelSystem.API\HotelSystem.API.csproj]
C:\Webs\CSharp\sistemahoteleria\src\HotelSystem.API\HotelSystem.API.csproj : warning NU1903: El paquete "AutoMapper" 12.0.1 tiene una vulnerabilidad de gravedad alta conocida, https://github.com/advisories/GHSA-rvv3-g6hj-g44x
C:\Webs\CSharp\sistemahoteleria\src\HotelSystem.API\HotelSystem.API.csproj : warning NU1902: El paquete "MimeKit" 4.14.0 tiene una vulnerabilidad de gravedad moderada conocida, https://github.com/advisories/GHSA-g7hc-96xr-gvvx
C:\Webs\CSharp\sistemahoteleria\src\HotelSystem.Infrastructure\HotelSystem.Infrastructure.csproj : warning NU1902: El paquete "MimeKit" 4.14.0 tiene una vulnerabilidad de gravedad moderada conocida, https://github.com/advisories/GHSA-g7hc-96xr-gvvx [C:\Webs\CSharp\sistemahoteleria\src\HotelSystem.API\HotelSystem.API.csproj]
C:\Webs\CSharp\sistemahoteleria\src\HotelSystem.API\HotelSystem.API.csproj : warning NU1903: El paquete "AutoMapper" 12.0.1 tiene una vulnerabilidad de gravedad alta conocida, https://github.com/advisories/GHSA-rvv3-g6hj-g44x
C:\Webs\CSharp\sistemahoteleria\src\HotelSystem.API\HotelSystem.API.csproj : warning NU1902: El paquete "MimeKit" 4.14.0 tiene una vulnerabilidad de gravedad moderada conocida, https://github.com/advisories/GHSA-g7hc-96xr-gvvx
C:\Webs\CSharp\sistemahoteleria\src\HotelSystem.Application\HotelSystem.Application.csproj : warning NU1903: El paquete "AutoMapper" 12.0.1 tiene una vulnerabilidad de gravedad alta conocida, https://github.com/advisories/GHSA-rvv3-g6hj-g44x
C:\Webs\CSharp\sistemahoteleria\src\HotelSystem.Infrastructure\HotelSystem.Infrastructure.csproj : warning NU1903: El paquete "AutoMapper" 12.0.1 tiene una vulnerabilidad de gravedad alta conocida, https://github.com/advisories/GHSA-rvv3-g6hj-g44x
C:\Webs\CSharp\sistemahoteleria\src\HotelSystem.Infrastructure\HotelSystem.Infrastructure.csproj : warning NU1902: El paquete "MimeKit" 4.14.0 tiene una vulnerabilidad de gravedad moderada conocida, https://github.com/advisories/GHSA-g7hc-96xr-gvvx
    10 Advertencia(s)
    0 Errores

Tiempo transcurrido 00:00:02.42
